../Core/Src/main.c:130:6:turn_right	8	static
../Core/Src/main.c:142:6:turn_left	8	static
../Core/Src/main.c:154:6:ford_ward	8	static
../Core/Src/main.c:165:6:stop	8	static
../Core/Src/main.c:175:6:sensor_right	16	static
../Core/Src/main.c:196:6:sensor_left	16	static
../Core/Src/main.c:216:6:sensor_forward	16	static
../Core/Src/main.c:238:6:flood_fill	4016	static
../Core/Src/main.c:345:10:stepper	24	static
../Core/Src/main.c:418:6:caculate_PID	16	static
../Core/Src/main.c:430:5:main	32	static
../Core/Src/main.c:697:6:SystemClock_Config	72	static
../Core/Src/main.c:737:13:MX_TIM1_Init	32	static
../Core/Src/main.c:783:13:MX_TIM2_Init	64	static
../Core/Src/main.c:846:13:MX_GPIO_Init	40	static
../Core/Src/main.c:912:6:Error_Handler	4	static,ignoring_inline_asm
